\BOOKMARK [1][-]{section.1}{\376\377\000I\000n\000t\000r\000o\000d\000u\000c\000t\000i\000o\000n}{}% 1
\BOOKMARK [1][-]{section.2}{\376\377\000R\000e\000l\000a\000t\000e\000d\000\040\000W\000o\000r\000k}{}% 2
\BOOKMARK [2][-]{subsection.2.1}{\376\377\000S\000A\000R\000\040\000F\000l\000o\000o\000d\000\040\000C\000h\000a\000n\000g\000e\000\040\000D\000e\000t\000e\000c\000t\000i\000o\000n}{section.2}% 3
\BOOKMARK [2][-]{subsection.2.2}{\376\377\000F\000o\000u\000n\000d\000a\000t\000i\000o\000n\000\040\000M\000o\000d\000e\000l\000s\000\040\000f\000o\000r\000\040\000C\000h\000a\000n\000g\000e\000\040\000D\000e\000t\000e\000c\000t\000i\000o\000n}{section.2}% 4
\BOOKMARK [2][-]{subsection.2.3}{\376\377\000D\000E\000M\000-\000C\000o\000n\000s\000t\000r\000a\000i\000n\000e\000d\000\040\000F\000l\000o\000o\000d\000\040\000D\000e\000p\000t\000h\000\040\000E\000s\000t\000i\000m\000a\000t\000i\000o\000n}{section.2}% 5
\BOOKMARK [1][-]{section.3}{\376\377\000M\000e\000t\000h\000o\000d\000o\000l\000o\000g\000y}{}% 6
\BOOKMARK [2][-]{subsection.3.1}{\376\377\000H\000A\000-\000C\000Q\000I\000\040\000f\000o\000r\000\040\000U\000r\000b\000a\000n\000\040\000F\000l\000o\000o\000d\000\040\000E\000x\000t\000e\000n\000t\000\040\000M\000a\000p\000p\000i\000n\000g}{section.3}% 7
\BOOKMARK [3][-]{subsubsection.3.1.1}{\376\377\000H\000a\000r\000m\000o\000n\000i\000z\000e\000d\000\040\000A\000l\000i\000g\000n\000m\000e\000n\000t\000\040\000\050\000H\000A\000\051}{subsection.3.1}% 8
\BOOKMARK [3][-]{subsubsection.3.1.2}{\376\377\000C\000h\000a\000n\000g\000e\000\040\000Q\000u\000e\000r\000y\000\040\000I\000n\000t\000e\000r\000a\000c\000t\000i\000o\000n\000\040\000\050\000C\000Q\000I\000\051}{subsection.3.1}% 9
\BOOKMARK [3][-]{subsubsection.3.1.3}{\376\377\000M\000a\000s\000k\0002\000F\000o\000r\000m\000e\000r\000\040\000H\000e\000a\000d\000\040\000f\000o\000r\000\040\000M\000a\000s\000k\000\040\000P\000r\000e\000d\000i\000c\000t\000i\000o\000n}{subsection.3.1}% 10
\BOOKMARK [2][-]{subsection.3.2}{\376\377\000C\000h\000a\000n\000g\000e\000-\000d\000e\000f\000i\000n\000e\000d\000\040\000F\000l\000o\000o\000d\000\040\000D\000e\000p\000t\000h\000\040\000E\000s\000t\000i\000m\000a\000t\000i\000o\000n}{section.3}% 11
\BOOKMARK [3][-]{subsubsection.3.2.1}{\376\377\000C\000h\000a\000n\000g\000e\000-\000d\000e\000f\000i\000n\000e\000d\000\040\000d\000e\000p\000t\000h\000\040\000f\000o\000r\000m\000u\000l\000a\000t\000i\000o\000n}{subsection.3.2}% 12
\BOOKMARK [3][-]{subsubsection.3.2.2}{\376\377\000B\000o\000u\000n\000d\000a\000r\000y\000-\000c\000o\000n\000s\000t\000r\000a\000i\000n\000e\000d\000\040\000w\000a\000t\000e\000r\000-\000s\000u\000r\000f\000a\000c\000e\000\040\000c\000o\000n\000s\000t\000r\000u\000c\000t\000i\000o\000n}{subsection.3.2}% 13
\BOOKMARK [3][-]{subsubsection.3.2.3}{\376\377\000D\000e\000p\000t\000h\000\040\000g\000e\000n\000e\000r\000a\000t\000i\000o\000n\000\040\000a\000n\000d\000\040\000a\000l\000g\000o\000r\000i\000t\000h\000m\000\040\000s\000u\000m\000m\000a\000r\000y}{subsection.3.2}% 14
\BOOKMARK [2][-]{subsection.3.3}{\376\377\000L\000o\000s\000s\000\040\000F\000u\000n\000c\000t\000i\000o\000n\000s}{section.3}% 15
\BOOKMARK [2][-]{subsection.3.4}{\376\377\000I\000m\000p\000l\000e\000m\000e\000n\000t\000a\000t\000i\000o\000n\000\040\000D\000e\000t\000a\000i\000l\000s}{section.3}% 16
\BOOKMARK [1][-]{section.4}{\376\377\000E\000x\000p\000e\000r\000i\000m\000e\000n\000t\000s}{}% 17
\BOOKMARK [2][-]{subsection.4.1}{\376\377\000D\000a\000t\000a\000s\000e\000t\000s\000\040\000a\000n\000d\000\040\000S\000t\000u\000d\000y\000\040\000A\000r\000e\000a}{section.4}% 18
\BOOKMARK [3][-]{subsubsection.4.1.1}{\376\377\000T\000r\000a\000i\000n\000i\000n\000g\000\040\000d\000a\000t\000a\000s\000e\000t\000s}{subsection.4.1}% 19
\BOOKMARK [3][-]{subsubsection.4.1.2}{\376\377\000S\000t\000u\000d\000y\000\040\000a\000r\000e\000a\000s\000\040\000a\000n\000d\000\040\000e\000v\000a\000l\000u\000a\000t\000i\000o\000n\000\040\000d\000a\000t\000a\000s\000e\000t\000s}{subsection.4.1}% 20
\BOOKMARK [2][-]{subsection.4.2}{\376\377\000E\000v\000a\000l\000u\000a\000t\000i\000o\000n\000\040\000m\000e\000t\000r\000i\000c\000s}{section.4}% 21
\BOOKMARK [2][-]{subsection.4.3}{\376\377\000U\000r\000b\000a\000n\000\040\000F\000l\000o\000o\000d\000\040\000E\000x\000t\000e\000n\000t\000\040\000M\000a\000p\000p\000i\000n\000g\000\040\000E\000v\000a\000l\000u\000a\000t\000i\000o\000n}{section.4}% 22
\BOOKMARK [2][-]{subsection.4.4}{\376\377\000D\000E\000M\000-\000c\000o\000n\000s\000t\000r\000a\000i\000n\000e\000d\000\040\000D\000e\000p\000t\000h\000\040\000A\000s\000s\000e\000s\000s\000m\000e\000n\000t}{section.4}% 23
\BOOKMARK [3][-]{subsubsection.4.4.1}{\376\377\000S\000p\000a\000t\000i\000a\000l\000\040\000c\000o\000m\000p\000a\000r\000i\000s\000o\000n\000\040\000o\000f\000\040\000d\000e\000p\000t\000h\000\040\000e\000s\000t\000i\000m\000a\000t\000e\000s}{subsection.4.4}% 24
\BOOKMARK [3][-]{subsubsection.4.4.2}{\376\377\000F\000i\000e\000l\000d\000-\000p\000h\000o\000t\000o\000\040\000r\000e\000f\000e\000r\000e\000n\000c\000e\000\040\000v\000a\000l\000i\000d\000a\000t\000i\000o\000n}{subsection.4.4}% 25
\BOOKMARK [3][-]{subsubsection.4.4.3}{\376\377\000W\000S\000E\000\040\000c\000o\000n\000s\000i\000s\000t\000e\000n\000c\000y\000\040\000d\000i\000a\000g\000n\000o\000s\000t\000i\000c\000s}{subsection.4.4}% 26
\BOOKMARK [1][-]{section.5}{\376\377\000D\000i\000s\000c\000u\000s\000s\000i\000o\000n}{}% 27
\BOOKMARK [1][-]{section.6}{\376\377\000C\000o\000n\000c\000l\000u\000s\000i\000o\000n}{}% 28
