\BOOKMARK [1][-]{section.1}{\376\377\137\025\212\000}{}% 1
\BOOKMARK [1][-]{section.2}{\376\377\000S\000t\000u\000d\000y\000\040\000A\000r\000e\000a\000s\000\040\000a\000n\000d\000\040\000D\000a\000t\000a}{}% 2
\BOOKMARK [2][-]{subsection.2.1}{\376\377\000F\000l\000o\000o\000d\000\040\000E\000v\000e\000n\000t\000s\000\040\000a\000n\000d\000\040\000S\000t\000u\000d\000y\000\040\000A\000r\000e\000a\000s}{section.2}% 3
\BOOKMARK [2][-]{subsection.2.2}{\376\377\000S\000A\000R\000\040\000O\000b\000s\000e\000r\000v\000a\000t\000i\000o\000n\000s\000\040\000a\000n\000d\000\040\000T\000e\000r\000r\000a\000i\000n\000\040\000D\000a\000t\000a}{section.2}% 4
\BOOKMARK [2][-]{subsection.2.3}{\376\377\000T\000r\000a\000i\000n\000i\000n\000g\000\040\000a\000n\000d\000\040\000R\000e\000f\000e\000r\000e\000n\000c\000e\000\040\000D\000a\000t\000a}{section.2}% 5
\BOOKMARK [1][-]{section.3}{\376\377\000M\000e\000t\000h\000o\000d\000o\000l\000o\000g\000y}{}% 6
\BOOKMARK [2][-]{subsection.3.1}{\376\377\000O\000v\000e\000r\000a\000l\000l\000\040\000F\000r\000a\000m\000e\000w\000o\000r\000k}{section.3}% 7
\BOOKMARK [2][-]{subsection.3.2}{\376\377\000H\000a\000r\000m\000o\000S\000S\000M\000\040\000f\000o\000r\000\040\000F\000l\000o\000o\000d\000\040\000C\000h\000a\000n\000g\000e\000\040\000D\000e\000t\000e\000c\000t\000i\000o\000n}{section.3}% 8
\BOOKMARK [3][-]{subsubsection.3.2.1}{\376\377\000H\000a\000r\000m\000o\000n\000i\000z\000e\000d\000\040\000C\000h\000a\000n\000g\000e\000\040\000E\000n\000c\000o\000d\000e\000r}{subsection.3.2}% 9
\BOOKMARK [3][-]{subsubsection.3.2.2}{\376\377\000O\000m\000n\000i\000-\000S\000c\000a\000l\000e\000\040\000S\000t\000a\000t\000e\000-\000S\000p\000a\000c\000e\000\040\000D\000e\000c\000o\000d\000e\000r}{subsection.3.2}% 10
\BOOKMARK [2][-]{subsection.3.3}{\376\377\000C\000h\000a\000n\000g\000e\000-\000C\000o\000n\000s\000t\000r\000a\000i\000n\000e\000d\000\040\000F\000l\000o\000o\000d\000\040\000D\000e\000p\000t\000h\000\040\000E\000s\000t\000i\000m\000a\000t\000i\000o\000n}{section.3}% 11
\BOOKMARK [2][-]{subsection.3.4}{\376\377\000L\000o\000s\000s\000\040\000F\000u\000n\000c\000t\000i\000o\000n}{section.3}% 12
\BOOKMARK [1][-]{section.4}{\376\377\000E\000x\000p\000e\000r\000i\000m\000e\000n\000t\000s\000\040\000a\000n\000d\000\040\000R\000e\000s\000u\000l\000t\000s}{}% 13
\BOOKMARK [2][-]{subsection.4.1}{\376\377\000E\000x\000p\000e\000r\000i\000m\000e\000n\000t\000a\000l\000\040\000D\000e\000s\000i\000g\000n}{section.4}% 14
\BOOKMARK [3][-]{subsubsection.4.1.1}{\376\377\000E\000x\000p\000e\000r\000i\000m\000e\000n\000t\000a\000l\000\040\000S\000p\000l\000i\000t\000s\000\040\000a\000n\000d\000\040\000S\000c\000e\000n\000e\000\040\000S\000e\000t\000u\000p}{subsection.4.1}% 15
\BOOKMARK [3][-]{subsubsection.4.1.2}{\376\377\000I\000m\000p\000l\000e\000m\000e\000n\000t\000a\000t\000i\000o\000n\000\040\000S\000e\000t\000t\000i\000n\000g\000s\000\040\000a\000n\000d\000\040\000C\000o\000m\000p\000a\000r\000i\000s\000o\000n\000\040\000M\000e\000t\000h\000o\000d\000s}{subsection.4.1}% 16
\BOOKMARK [3][-]{subsubsection.4.1.3}{\376\377\000E\000v\000a\000l\000u\000a\000t\000i\000o\000n\000\040\000M\000e\000t\000r\000i\000c\000s\000\040\000a\000n\000d\000\040\000P\000r\000o\000t\000o\000c\000o\000l\000s}{subsection.4.1}% 17
\BOOKMARK [2][-]{subsection.4.2}{\376\377\000F\000l\000o\000o\000d\000\040\000C\000h\000a\000n\000g\000e\000\040\000D\000e\000t\000e\000c\000t\000i\000o\000n\000\040\000R\000e\000s\000u\000l\000t\000s}{section.4}% 18
\BOOKMARK [2][-]{subsection.4.3}{\376\377\000A\000b\000l\000a\000t\000i\000o\000n\000\040\000S\000t\000u\000d\000y\000\040\000o\000f\000\040\000H\000A\000,\000\040\000C\000Q\000I\000,\000\040\000a\000n\000d\000\040\000O\000S\000S\000D}{section.4}% 19
\BOOKMARK [2][-]{subsection.4.4}{\376\377\000F\000l\000o\000o\000d\000\040\000D\000e\000p\000t\000h\000\040\000E\000v\000a\000l\000u\000a\000t\000i\000o\000n}{section.4}% 20
\BOOKMARK [2][-]{subsection.4.5}{\376\377\000T\000w\000o\000-\000S\000t\000a\000g\000e\000\040\000C\000o\000n\000s\000i\000s\000t\000e\000n\000c\000y\000\040\000A\000n\000a\000l\000y\000s\000i\000s}{section.4}% 21
\BOOKMARK [1][-]{section.5}{\376\377\213\250\213\272}{}% 22
\BOOKMARK [2][-]{subsection.5.1}{\376\377\123\314\145\366\166\370\123\117\214\003\116\016\131\032\134\072\136\246\123\330\123\026\221\315\136\372}{section.5}% 23
\BOOKMARK [2][-]{subsection.5.2}{\376\377\150\300\155\113\203\003\126\364\124\021\154\064\155\361\176\246\147\137\166\204\117\040\220\022\123\312\123\072\127\337\135\356\137\002}{section.5}% 24
\BOOKMARK [2][-]{subsection.5.3}{\376\377\147\141\116\366\154\064\155\361\145\071\125\204\166\204\147\145\156\220\116\016\220\002\165\050\134\072\136\246}{section.5}% 25
\BOOKMARK [1][-]{section.6}{\376\377\176\323\213\272}{}% 26
